00:49:04 **** Incremental Build of configuration Debug for project workspace01 ****
make -j4 all 
arm-none-eabi-gcc "../Core/Src/main.c" -mcpu=cortex-m4 -std=gnu11 -g3 -DDEBUG -DUSE_HAL_DRIVER -DSTM32F429xx -c -I../Core/Inc -I../Drivers/STM32F4xx_HAL_Driver/Inc -I../Drivers/STM32F4xx_HAL_Driver/Inc/Legacy -I../Drivers/CMSIS/Device/ST/STM32F4xx/Include -I../Drivers/CMSIS/Include -O0 -ffunction-sections -fdata-sections -Wall -fstack-usage -MMD -MP -MF"Core/Src/main.d" -MT"Core/Src/main.o" --specs=nano.specs -mfpu=fpv4-sp-d16 -mfloat-abi=hard -mthumb -o "Core/Src/main.o"
arm-none-eabi-gcc -o "workspace01.elf" @"objects.list"   -mcpu=cortex-m4 -T"C:\workspace_stm32\STM32CubeIDE_MFC\workspace01\STM32F429ZITX_FLASH.ld" --specs=nosys.specs -Wl,-Map="workspace01.map" -Wl,--gc-sections -static --specs=nano.specs -mfpu=fpv4-sp-d16 -mfloat-abi=hard -mthumb -Wl,--start-group -lc -lm -Wl,--end-group
Finished building target: workspace01.elf
 
arm-none-eabi-size   workspace01.elf 
arm-none-eabi-objdump -h -S  workspace01.elf  > "workspace01.list"
   text	   data	    bss	    dec	    hex	filename
  15692	    120	   1744	  17556	   4494	workspace01.elf
Finished building: default.size.stdout
 
Finished building: workspace01.list
 
00:49:09 **** Incremental Build of configuration Debug for project workspace01 ****
make -j4 all 
arm-none-eabi-size   workspace01.elf 
   text	   data	    bss	    dec	    hex	filename
  15692	    120	   1744	  17556	   4494	workspace01.elf
Finished building: default.size.stdout
 
00:49:56 **** Incremental Build of configuration Debug for project workspace01 ****
make -j4 all 
arm-none-eabi-size   workspace01.elf 
   text	   data	    bss	    dec	    hex	filename
  15692	    120	   1744	  17556	   4494	workspace01.elf
Finished building: default.size.stdout
 
